<html>
<body>
<pre>
<h1>µVision Build Log</h1>
<h2>Tool Versions:</h2>
IDE-Version: ¶ÃVision V5.18a
Copyright (C) 2016 ARM Ltd and ARM Germany GmbH. All rights reserved.
License Information: xie yinghao, xxx, LIC=EXJT4-FY3TH-749S0-BEHML-9DMA6-36KQ2
 
Tool Versions:
Toolchain:       MDK-ARM Standard  Version: 5.18a
Toolchain Path:  C:\Keil_v5\ARM\ARMCC\Bin
C Compiler:      Armcc.exe V5.06 update 1 (build 61)
Assembler:       Armasm.exe V5.06 update 1 (build 61)
Linker/Locator:  ArmLink.exe V5.06 update 1 (build 61)
Library Manager: ArmAr.exe V5.06 update 1 (build 61)
Hex Converter:   FromElf.exe V5.06 update 1 (build 61)
CPU DLL:         SARMCM3.DLL V5.18a
Dialog DLL:      DCM.DLL V1.13.6.0
Target DLL:      Segger\JL2CM3.dll V2.99.19.0
Dialog DLL:      TCM.DLL V1.14.8.0
 
<h2>Project:</h2>
C:\Users\lyq\Desktop\±œ“µ…Ëº∆\4°¢SDK\fr801xH_new_sdk\examples\none_evm\ble_multi_role\keil\ble_multi_role.uvproj
Project File Date:  01/26/2021

<h2>Output:</h2>
*** Using Compiler 'V5.06 update 1 (build 61)', folder: 'C:\Keil_v5\ARM\ARMCC\Bin'
Rebuild target 'ble_multi_role'
compiling user_task.c...
compiling button.c...
compiling ble_multi_role.c...
compiling proj_main.c...
compiling simple_gatt_service.c...
compiling driver_pmu.c...
compiling driver_iic.c...
compiling driver_keyscan.c...
compiling driver_pmu_qdec.c...
compiling driver_wdt.c...
compiling driver_rtc.c...
compiling driver_uart.c...
compiling driver_i2s.c...
compiling driver_exti.c...
compiling driver_timer.c...
assembling app_boot_vectors.s...
compiling core_cm3_isr.c...
compiling driver_efuse.c...
compiling patch.c...
..\..\..\..\components\modules\patch\patch.c(147): warning:  #1296-D: extended constant initialiser used
      (uint32_t)llc_patch_1,
..\..\..\..\components\modules\patch\patch.c: 1 warning, 0 errors
linking...
Program Size: Code=86088 RO-data=4232 RW-data=944 ZI-data=3368  
After Build - User command #1: fromelf.exe  --text  -c -o Output/ble_multi_role.txt  Objects/ble_multi_role.axf
After Build - User command #2: fromelf.exe  --bin -o Output/ble_multi_role.bin  Objects/ble_multi_role.axf
".\Objects\ble_multi_role.axf" - 0 Error(s), 1 Warning(s).
Build Time Elapsed:  00:00:12
</pre>
</body>
</html>
