<html>
<body>
<pre>
<h1>µVision Build Log</h1>
<h2>Tool Versions:</h2>
IDE-Version: ¶ÃVision V5.18a
Copyright (C) 2016 ARM Ltd and ARM Germany GmbH. All rights reserved.
License Information: xie yinghao, xxx, LIC=EXJT4-FY3TH-749S0-BEHML-9DMA6-36KQ2
 
Tool Versions:
Toolchain:       MDK-ARM Standard  Version: 5.18a
Toolchain Path:  C:\Keil_v5\ARM\ARMCC\Bin
C Compiler:      Armcc.exe V5.06 update 1 (build 61)
Assembler:       Armasm.exe V5.06 update 1 (build 61)
Linker/Locator:  ArmLink.exe V5.06 update 1 (build 61)
Library Manager: ArmAr.exe V5.06 update 1 (build 61)
Hex Converter:   FromElf.exe V5.06 update 1 (build 61)
CPU DLL:         SARMCM3.DLL V5.18a
Dialog DLL:      DCM.DLL V1.13.6.0
Target DLL:      Segger\JL2CM3.dll V2.99.19.0
Dialog DLL:      TCM.DLL V1.14.8.0
 
<h2>Project:</h2>
C:\Users\lyq\Desktop\±œ“µ…Ëº∆\4°¢SDK\fr801xH_new_sdk\examples\none_evm\ble_mesh\keil\ble_mesh.uvproj
Project File Date:  01/27/2021

<h2>Output:</h2>
*** Using Compiler 'V5.06 update 1 (build 61)', folder: 'C:\Keil_v5\ARM\ARMCC\Bin'
Rebuild target 'ble_mesh'
compiling ali_mesh_info.c...
compiling ali_mesh_led_driver.c...
compiling ali_mesh_led.c...
..\code\ali_mesh_led.c(438): warning:  #177-D: function "app_mesh_recv_gen_onoff_fan_msg" was declared but never referenced
  static void app_mesh_recv_gen_onoff_fan_msg(mesh_model_msg_ind_t const *ind)
..\code\ali_mesh_led.c(535): warning:  #177-D: function "app_mesh_recv_CTL_msg" was declared but never referenced
  static void app_mesh_recv_CTL_msg(mesh_model_msg_ind_t const *ind)
..\code\ali_mesh_led.c(247): warning:  #177-D: function "app_mesh_send_dev_rst_ind" was declared but never referenced
  static void app_mesh_send_dev_rst_ind(void)
..\code\ali_mesh_led.c: 3 warnings, 0 errors
compiling user_task.c...
compiling app_at.c...
..\code\app_at.c(137): warning:  #223-D: function "app_auto_update_led_state" declared implicitly
              app_auto_update_led_state(1);
..\code\app_at.c: 1 warning, 0 errors
compiling proj_main.c...
compiling button.c...
compiling ali_mesh_ota.c...
..\code\ali_mesh_ota.c(223): warning:  #177-D: function "ali_ota_get_curr_firmwave_version" was declared but never referenced
  static uint32_t ali_ota_get_curr_firmwave_version(void)
..\code\ali_mesh_ota.c: 1 warning, 0 errors
compiling driver_codec.c...
compiling driver_efuse.c...
compiling driver_iic.c...
compiling driver_i2s.c...
compiling driver_keyscan.c...
compiling driver_pmu_qdec.c...
compiling driver_pmu.c...
compiling driver_pmu_pwm.c...
compiling driver_wdt.c...
compiling driver_timer.c...
compiling driver_ssp.c...
compiling driver_rtc.c...
compiling driver_exti.c...
compiling driver_uart.c...
assembling app_boot_vectors.s...
compiling driver_pwm.c...
compiling core_cm3_isr.c...
compiling sha256.c...
compiling patch.c...
..\..\..\..\components\modules\patch\patch.c(147): warning:  #1296-D: extended constant initialiser used
      (uint32_t)llc_patch_1,
..\..\..\..\components\modules\patch\patch.c: 1 warning, 0 errors
compiling aes_cbc.c...
compiling demo_clock.c...
compiling vendor_timer_ctrl.c...
linking...
.\ble_5_0.sct(36): warning: L6314W: No section matches pattern *(stack_space).
.\ble_5_0.sct(56): warning: L6314W: No section matches pattern *(heap_user).
Program Size: Code=156616 RO-data=6184 RW-data=1080 ZI-data=4032  
Finished: 0 information, 2 warning and 0 error messages.
After Build - User command #1: fromelf.exe  --text  -c -o Output/ble_mesh.txt  Objects/ble_mesh.axf
After Build - User command #2: fromelf.exe  --bin -o Output/ble_mesh.bin  Objects/ble_mesh.axf
".\Objects\ble_mesh.axf" - 0 Error(s), 8 Warning(s).
Build Time Elapsed:  00:00:12
</pre>
</body>
</html>
